<?php return array (
  0 => 'Symfony\\Bundle\\FrameworkBundle\\Controller\\AbstractController',
  1 => 'App\\Controller\\Admin\\CategorieController',
  2 => 'App\\Controller\\Admin\\CompetencesCategoriesController',
  3 => 'App\\Controller\\Admin\\CompetencesController',
  4 => 'App\\Controller\\Admin\\ExperienceController',
  5 => 'App\\Controller\\Admin\\ParcoursController',
  6 => 'App\\Controller\\Admin\\PresentationController',
  7 => 'App\\Controller\\Admin\\ProduitsController',
  8 => 'App\\Controller\\Admin\\RealisationController',
  9 => 'App\\Controller\\ExperienceController',
  10 => 'App\\Controller\\HomeController',
  11 => 'App\\Controller\\PresentationController',
  12 => 'App\\Entity\\Categorie',
  13 => 'App\\Entity\\Competences',
  14 => 'App\\Entity\\CompetencesCategories',
  15 => 'App\\Entity\\Experience',
  16 => 'App\\Entity\\Member',
  17 => 'App\\Entity\\Parcours',
  18 => 'App\\Entity\\Presentation',
  19 => 'App\\Entity\\Produits',
  20 => 'App\\Entity\\Realisation',
  21 => 'App\\Http\\Api\\Controller\\DnsController',
  22 => 'App\\Http\\Api\\Controller\\LangController',
  23 => 'App\\Http\\Api\\Controller\\Utils',
  24 => 'Doctrine\\Bundle\\DoctrineBundle\\Controller\\ProfilerController',
  25 => 'Doctrine\\ORM\\Cache\\Persister\\Entity\\AbstractEntityPersister',
  26 => 'Doctrine\\ORM\\Cache\\Persister\\Entity\\CachedEntityPersister',
  27 => 'Doctrine\\ORM\\Cache\\Persister\\Entity\\NonStrictReadWriteCachedEntityPersister',
  28 => 'Doctrine\\ORM\\Cache\\Persister\\Entity\\ReadOnlyCachedEntityPersister',
  29 => 'Doctrine\\ORM\\Cache\\Persister\\Entity\\ReadWriteCachedEntityPersister',
  30 => 'Doctrine\\ORM\\Persisters\\Entity\\AbstractEntityInheritancePersister',
  31 => 'Doctrine\\ORM\\Persisters\\Entity\\BasicEntityPersister',
  32 => 'Doctrine\\ORM\\Persisters\\Entity\\CachedPersisterContext',
  33 => 'Doctrine\\ORM\\Persisters\\Entity\\EntityPersister',
  34 => 'Doctrine\\ORM\\Persisters\\Entity\\JoinedSubclassPersister',
  35 => 'Doctrine\\ORM\\Persisters\\Entity\\SingleTablePersister',
  37 => 'Symfony\\Bundle\\FrameworkBundle\\Controller\\ControllerResolver',
  38 => 'Symfony\\Bundle\\FrameworkBundle\\Controller\\RedirectController',
  39 => 'Symfony\\Bundle\\FrameworkBundle\\Controller\\TemplateController',
  40 => 'Symfony\\Bundle\\WebProfilerBundle\\Controller\\ExceptionPanelController',
  41 => 'Symfony\\Bundle\\WebProfilerBundle\\Controller\\ProfilerController',
  42 => 'Symfony\\Bundle\\WebProfilerBundle\\Controller\\RouterController',
  43 => 'Symfony\\Component\\HttpKernel\\Controller\\ArgumentResolver',
  44 => 'Symfony\\Component\\HttpKernel\\Controller\\ArgumentResolverInterface',
  45 => 'Symfony\\Component\\HttpKernel\\Controller\\ArgumentResolver\\DefaultValueResolver',
  46 => 'Symfony\\Component\\HttpKernel\\Controller\\ArgumentResolver\\NotTaggedControllerValueResolver',
  47 => 'Symfony\\Component\\HttpKernel\\Controller\\ArgumentResolver\\RequestAttributeValueResolver',
  48 => 'Symfony\\Component\\HttpKernel\\Controller\\ArgumentResolver\\RequestValueResolver',
  49 => 'Symfony\\Component\\HttpKernel\\Controller\\ArgumentResolver\\ServiceValueResolver',
  50 => 'Symfony\\Component\\HttpKernel\\Controller\\ArgumentResolver\\SessionValueResolver',
  51 => 'Symfony\\Component\\HttpKernel\\Controller\\ArgumentResolver\\TraceableValueResolver',
  52 => 'Symfony\\Component\\HttpKernel\\Controller\\ArgumentResolver\\VariadicValueResolver',
  53 => 'Symfony\\Component\\HttpKernel\\Controller\\ArgumentValueResolverInterface',
  54 => 'Symfony\\Component\\HttpKernel\\Controller\\ContainerControllerResolver',
  55 => 'Symfony\\Component\\HttpKernel\\Controller\\ControllerReference',
  56 => 'Symfony\\Component\\HttpKernel\\Controller\\ControllerResolver',
  57 => 'Symfony\\Component\\HttpKernel\\Controller\\ControllerResolverInterface',
  58 => 'Symfony\\Component\\HttpKernel\\Controller\\ErrorController',
  59 => 'Symfony\\Component\\HttpKernel\\Controller\\TraceableArgumentResolver',
  60 => 'Symfony\\Component\\HttpKernel\\Controller\\TraceableControllerResolver',
  61 => 'Symfony\\Component\\Security\\Http\\Controller\\UserValueResolver',
  62 => 'Vich\\UploaderBundle\\Entity\\File',
);