<?php return array (
  0 => 'Symfony\\Bundle\\FrameworkBundle\\Controller\\AbstractController',
  1 => 'App\\Controller\\Admin\\CategorieController',
  2 => 'App\\Controller\\Admin\\CompetencesCategoriesController',
  3 => 'App\\Controller\\Admin\\CompetencesController',
  4 => 'App\\Controller\\Admin\\ExperienceController',
  5 => 'App\\Controller\\Admin\\MemberController',
  6 => 'App\\Controller\\Admin\\ParcoursController',
  7 => 'App\\Controller\\Admin\\PresentationController',
  8 => 'App\\Controller\\Admin\\ProduitsController',
  9 => 'App\\Controller\\Admin\\RealisationController',
  10 => 'App\\Controller\\ExperienceController',
  11 => 'App\\Controller\\HomeController',
  12 => 'App\\Controller\\ParcoursController',
  13 => 'App\\Controller\\PresentationController',
  14 => 'App\\Controller\\ProduitsController',
  15 => 'App\\Controller\\RealisationController',
  16 => 'App\\Controller\\SecurityController',
  17 => 'App\\Entity\\Categorie',
  18 => 'App\\Entity\\Competences',
  19 => 'App\\Entity\\CompetencesCategories',
  20 => 'App\\Entity\\Experience',
  21 => 'App\\Entity\\Member',
  22 => 'App\\Entity\\Parcours',
  23 => 'App\\Entity\\Presentation',
  24 => 'App\\Entity\\Produits',
  25 => 'App\\Entity\\Realisation',
  26 => 'App\\Http\\Api\\Controller\\BasketController',
  27 => 'App\\Http\\Api\\Controller\\DnsController',
  28 => 'App\\Http\\Api\\Controller\\LangController',
  29 => 'Doctrine\\Bundle\\DoctrineBundle\\Controller\\ProfilerController',
  30 => 'Doctrine\\ORM\\Cache\\Persister\\Entity\\AbstractEntityPersister',
  31 => 'Doctrine\\ORM\\Cache\\Persister\\Entity\\CachedEntityPersister',
  32 => 'Doctrine\\ORM\\Cache\\Persister\\Entity\\NonStrictReadWriteCachedEntityPersister',
  33 => 'Doctrine\\ORM\\Cache\\Persister\\Entity\\ReadOnlyCachedEntityPersister',
  34 => 'Doctrine\\ORM\\Cache\\Persister\\Entity\\ReadWriteCachedEntityPersister',
  35 => 'Doctrine\\ORM\\Persisters\\Entity\\AbstractEntityInheritancePersister',
  36 => 'Doctrine\\ORM\\Persisters\\Entity\\BasicEntityPersister',
  37 => 'Doctrine\\ORM\\Persisters\\Entity\\CachedPersisterContext',
  38 => 'Doctrine\\ORM\\Persisters\\Entity\\EntityPersister',
  39 => 'Doctrine\\ORM\\Persisters\\Entity\\JoinedSubclassPersister',
  40 => 'Doctrine\\ORM\\Persisters\\Entity\\SingleTablePersister',
  42 => 'Symfony\\Bundle\\FrameworkBundle\\Controller\\ControllerResolver',
  43 => 'Symfony\\Bundle\\FrameworkBundle\\Controller\\RedirectController',
  44 => 'Symfony\\Bundle\\FrameworkBundle\\Controller\\TemplateController',
  45 => 'Symfony\\Bundle\\WebProfilerBundle\\Controller\\ExceptionPanelController',
  46 => 'Symfony\\Bundle\\WebProfilerBundle\\Controller\\ProfilerController',
  47 => 'Symfony\\Bundle\\WebProfilerBundle\\Controller\\RouterController',
  48 => 'Symfony\\Component\\HttpKernel\\Controller\\ArgumentResolver',
  49 => 'Symfony\\Component\\HttpKernel\\Controller\\ArgumentResolverInterface',
  50 => 'Symfony\\Component\\HttpKernel\\Controller\\ArgumentResolver\\DefaultValueResolver',
  51 => 'Symfony\\Component\\HttpKernel\\Controller\\ArgumentResolver\\NotTaggedControllerValueResolver',
  52 => 'Symfony\\Component\\HttpKernel\\Controller\\ArgumentResolver\\RequestAttributeValueResolver',
  53 => 'Symfony\\Component\\HttpKernel\\Controller\\ArgumentResolver\\RequestValueResolver',
  54 => 'Symfony\\Component\\HttpKernel\\Controller\\ArgumentResolver\\ServiceValueResolver',
  55 => 'Symfony\\Component\\HttpKernel\\Controller\\ArgumentResolver\\SessionValueResolver',
  56 => 'Symfony\\Component\\HttpKernel\\Controller\\ArgumentResolver\\TraceableValueResolver',
  57 => 'Symfony\\Component\\HttpKernel\\Controller\\ArgumentResolver\\VariadicValueResolver',
  58 => 'Symfony\\Component\\HttpKernel\\Controller\\ArgumentValueResolverInterface',
  59 => 'Symfony\\Component\\HttpKernel\\Controller\\ContainerControllerResolver',
  60 => 'Symfony\\Component\\HttpKernel\\Controller\\ControllerReference',
  61 => 'Symfony\\Component\\HttpKernel\\Controller\\ControllerResolver',
  62 => 'Symfony\\Component\\HttpKernel\\Controller\\ControllerResolverInterface',
  63 => 'Symfony\\Component\\HttpKernel\\Controller\\ErrorController',
  64 => 'Symfony\\Component\\HttpKernel\\Controller\\TraceableArgumentResolver',
  65 => 'Symfony\\Component\\HttpKernel\\Controller\\TraceableControllerResolver',
  66 => 'Symfony\\Component\\Security\\Http\\Controller\\UserValueResolver',
  67 => 'Vich\\UploaderBundle\\Entity\\File',
);